module Case18 where

import Ops ((+++), (:::)(a, (***)))

main :: IO ()
main = a ::: a *** a
