module Case19 where

import Ops ((+++), (:::)((***), a))

main :: IO ()
main = a *** a
