module Case15 where

import Ops ((:::)((***), a))

main :: IO ()
main = a ::: a *** a
