module Case17 where

import Foo (Bar, Foo(f1, b2), baz)

main :: IO ()
main = f1 b2 Bar baz
