module Case4 where

import qualified Data.List
import qualified Data.Text.IO as TIO

main :: IO ()
main = TIO.putStrLn $ Data.List.sort "hi"
