module Case9 where

import Foo (Foo)

main :: IO ()
main = Foo
