module Case1 where

import qualified Data.Text.IO as TIO

main :: IO ()
main = TIO.putStrLn "hi"
