module Case5 where

import qualified Data.Text.IO as TIO

-- | doc
main :: IO ()
main = TIO.putStrLn "hi"
