module Case3 where

import qualified Data.List

main :: IO ()
main = putStrLn $ Data.List.sort "hi"
