module Case2 where

import qualified Data.Text.IO as TIO
import           Data.Void

main :: IO ()
main = TIO.putStrLn "hi"
