module Case6 where

import qualified Data.Text.IO as TIO

class C a where
  c :: a

main :: IO ()
main = TIO.putStrLn "hi"
