module Case13 where

import Ops ((+++))

main :: IO ()
main = 1 +++ 2
