module Case8 where

import qualified Data.Text.IO as TIO

main :: IO ()
main = do
  TIO.putStrLn "hi"
  TIO.putStrLn "bye"
